( [1, 2, 3] , [a, b, c] )
[ 0xaaaaaaaa = (a, true), 0xaaaaaaaa = (b, false) ]
1, 2
array, of, strings
true, false, true
xyz
1, 2, 3
this is a string
true
x
5
