a is 42
b is true
c is u
d is hello
e is 0xaaaaaaaa
f is 0xaaaaaaaa
answer is g
