Please enter the first element (char): Please enter the second element (int): The first element was 0
The second element was 0
