roses
peonies
hydrangea
chrysanthemum
lily
sunflower
daisy
orchid
tulip
baby breath
